// Jest Snapshot v1, https://goo.gl/fbAQLP

exports[`DesignContextProvider is rendering 1`] = `
<div>
  <button
    id="one"
    onClick={
      [MockFunction] {
        "calls": Array [
          Array [],
        ],
        "results": Array [
          Object {
            "type": "return",
            "value": undefined,
          },
        ],
      }
    }
  >
    btn1
  </button>
</div>
`;
